new branch new
Test
added by me swati
new new branch added again 
not getting
no not getting
new branch1
 
<<<<<<< HEAD
check edit commit
in new branch
=======
check pull
check pull again
>>>>>>> 8ccc56dbf2d739342ef35217ec34fe351c5c52b0
Swati.Bhatt@TBNDTHTIMEL0048 MINGW64 ~
$ cd d:

Swati.Bhatt@TBNDTHTIMEL0048 MINGW64 /d
$ cd D:\git_training

Swati.Bhatt@TBNDTHTIMEL0048 MINGW64 /d/git_training
$ git init
Initialized empty Git repository in D:/git_training/.git/

Swati.Bhatt@TBNDTHTIMEL0048 MINGW64 /d/git_training (master)
$ git config -- list
error: key does not contain a section: list

Swati.Bhatt@TBNDTHTIMEL0048 MINGW64 /d/git_training (master)
$ git config --list
core.symlinks=false
core.autocrlf=true
core.fscache=true
color.diff=auto
color.status=auto
color.branch=auto
color.interactive=true
help.format=html
http.sslcainfo=C:/Program Files/Git/mingw64/ssl/certs/ca-bundle.crt
diff.astextplain.textconv=astextplain
rebase.autosquash=true
credential.helper=manager
user.name=Swati.Bhatt
user.email=swati.bhatt@timesinternet.in
core.repositoryformatversion=0
core.filemode=false
core.bare=false
core.logallrefupdates=true
core.symlinks=false
core.ignorecase=true

Swati.Bhatt@TBNDTHTIMEL0048 MINGW64 /d/git_training (master)
$ git config --global --list
user.name=Swati.Bhatt
user.email=swati.bhatt@timesinternet.in

Swati.Bhatt@TBNDTHTIMEL0048 MINGW64 /d/git_training (master)
$ git config --global user.name
Swati.Bhatt

Swati.Bhatt@TBNDTHTIMEL0048 MINGW64 /d/git_training (master)
$ git config --gloabl user.email
error: unknown option `gloabl'
usage: git config [<options>]

Config file location
    --global              use global config file
    --system              use system config file
    --local               use repository config file
    -f, --file <file>     use given config file
    --blob <blob-id>      read config from given blob object

Action
    --get                 get value: name [value-regex]
    --get-all             get all values: key [value-regex]
    --get-regexp          get values for regexp: name-regex [value-regex]
    --get-urlmatch        get value specific for the URL: section[.var] URL
    --replace-all         replace all matching variables: name value [value_regex]
    --add                 add a new variable: name value
    --unset               remove a variable: name [value-regex]
    --unset-all           remove all matches: name [value-regex]
    --rename-section      rename section: old-name new-name
    --remove-section      remove a section: name
    -l, --list            list all
    -e, --edit            open an editor
    --get-color           find the color configured: slot [default]
    --get-colorbool       find the color setting: slot [stdout-is-tty]

Type
    --bool                value is "true" or "false"
    --int                 value is decimal number
    --bool-or-int         value is --bool or --int
    --path                value is a path (file or directory name)

Other
    -z, --null            terminate values with NUL byte
    --name-only           show variable names only
    --includes            respect include directives on lookup
    --show-origin         show origin of config (file, standard input, blob, command line)


Swati.Bhatt@TBNDTHTIMEL0048 MINGW64 /d/git_training (master)
$ git config --global user.email
swati.bhatt@timesinternet.in

Swati.Bhatt@TBNDTHTIMEL0048 MINGW64 /d/git_training (master)
$ git config --help

Swati.Bhatt@TBNDTHTIMEL0048 MINGW64 /d/git_training (master)
$ git config -- help
error: key does not contain a section: help

Swati.Bhatt@TBNDTHTIMEL0048 MINGW64 /d/git_training (master)
$ git config --help

Swati.Bhatt@TBNDTHTIMEL0048 MINGW64 /d/git_training (master)
$ ls
testfile.java.docx

Swati.Bhatt@TBNDTHTIMEL0048 MINGW64 /d/git_training (master)
$ git status
On branch master

Initial commit

Untracked files:
  (use "git add <file>..." to include in what will be committed)

        testfile.java.docx

nothing added to commit but untracked files present (use "git add" to track)

Swati.Bhatt@TBNDTHTIMEL0048 MINGW64 /d/git_training (master)
$ git add .
  git status
git commit
git commit -m"initial commit in git training"


//



Swati.Bhatt@TBNDTHTIMEL0048 MINGW64 ~
$ cd d:

Swati.Bhatt@TBNDTHTIMEL0048 MINGW64 /d
$ cd D:\git_training

Swati.Bhatt@TBNDTHTIMEL0048 MINGW64 /d/git_training
$ git init
Initialized empty Git repository in D:/git_training/.git/

Swati.Bhatt@TBNDTHTIMEL0048 MINGW64 /d/git_training (master)
$ git config -- list
error: key does not contain a section: list

Swati.Bhatt@TBNDTHTIMEL0048 MINGW64 /d/git_training (master)
$ git config --list
core.symlinks=false
core.autocrlf=true
core.fscache=true
color.diff=auto
color.status=auto
color.branch=auto
color.interactive=true
help.format=html
http.sslcainfo=C:/Program Files/Git/mingw64/ssl/certs/ca-bundle.crt
diff.astextplain.textconv=astextplain
rebase.autosquash=true
credential.helper=manager
user.name=Swati.Bhatt
user.email=swati.bhatt@timesinternet.in
core.repositoryformatversion=0
core.filemode=false
core.bare=false
core.logallrefupdates=true
core.symlinks=false
core.ignorecase=true

Swati.Bhatt@TBNDTHTIMEL0048 MINGW64 /d/git_training (master)
$ git config --global --list
user.name=Swati.Bhatt
user.email=swati.bhatt@timesinternet.in

Swati.Bhatt@TBNDTHTIMEL0048 MINGW64 /d/git_training (master)
$ git config --global user.name
Swati.Bhatt

Swati.Bhatt@TBNDTHTIMEL0048 MINGW64 /d/git_training (master)
$ git config --gloabl user.email
error: unknown option `gloabl'
usage: git config [<options>]

Config file location
    --global              use global config file
    --system              use system config file
    --local               use repository config file
    -f, --file <file>     use given config file
    --blob <blob-id>      read config from given blob object

Action
    --get                 get value: name [value-regex]
    --get-all             get all values: key [value-regex]
    --get-regexp          get values for regexp: name-regex [value-regex]
    --get-urlmatch        get value specific for the URL: section[.var] URL
    --replace-all         replace all matching variables: name value [value_regex]
    --add                 add a new variable: name value
    --unset               remove a variable: name [value-regex]
    --unset-all           remove all matches: name [value-regex]
    --rename-section      rename section: old-name new-name
    --remove-section      remove a section: name
    -l, --list            list all
    -e, --edit            open an editor
    --get-color           find the color configured: slot [default]
    --get-colorbool       find the color setting: slot [stdout-is-tty]

Type
    --bool                value is "true" or "false"
    --int                 value is decimal number
    --bool-or-int         value is --bool or --int
    --path                value is a path (file or directory name)

Other
    -z, --null            terminate values with NUL byte
    --name-only           show variable names only
    --includes            respect include directives on lookup
    --show-origin         show origin of config (file, standard input, blob, command line)


Swati.Bhatt@TBNDTHTIMEL0048 MINGW64 /d/git_training (master)
$ git config --global user.email
swati.bhatt@timesinternet.in

Swati.Bhatt@TBNDTHTIMEL0048 MINGW64 /d/git_training (master)
$ git config --help

Swati.Bhatt@TBNDTHTIMEL0048 MINGW64 /d/git_training (master)
$ git config -- help
error: key does not contain a section: help

Swati.Bhatt@TBNDTHTIMEL0048 MINGW64 /d/git_training (master)
$ git config --help

Swati.Bhatt@TBNDTHTIMEL0048 MINGW64 /d/git_training (master)
$ ls
testfile.java.docx

Swati.Bhatt@TBNDTHTIMEL0048 MINGW64 /d/git_training (master)
$ git status
On branch master

Initial commit

Untracked files:
  (use "git add <file>..." to include in what will be committed)

        testfile.java.docx

nothing added to commit but untracked files present (use "git add" to track)

Swati.Bhatt@TBNDTHTIMEL0048 MINGW64 /d/git_training (master)
$ git add.
git git: 'add.' is not a git command. See 'git --help'.

Did you mean this?
        add

Swati.Bhatt@TBNDTHTIMEL0048 MINGW64 /d/git_training (master)
$ git add .

Swati.Bhatt@TBNDTHTIMEL0048 MINGW64 /d/git_training (master)
$ git status
On branch master

Initial commit

Changes to be committed:
  (use "git rm --cached <file>..." to unstage)

        new file:   testfile.java.docx


Swati.Bhatt@TBNDTHTIMEL0048 MINGW64 /d/git_training (master)
$ git commit -m"initial commit in git training"
[master (root-commit) 5e6d4c1] initial commit in git training
 1 file changed, 0 insertions(+), 0 deletions(-)
 create mode 100644 testfile.java.docx

Swati.Bhatt@TBNDTHTIMEL0048 MINGW64 /d/git_training (master)
$ git commit
On branch master
nothing to commit, working tree clean

Swati.Bhatt@TBNDTHTIMEL0048 MINGW64 /d/git_training (master)
$ git add .

Swati.Bhatt@TBNDTHTIMEL0048 MINGW64 /d/git_training (master)
$ git commit
On branch master
nothing to commit, working tree clean

Swati.Bhatt@TBNDTHTIMEL0048 MINGW64 /d/git_training (master)
$ git add .

Swati.Bhatt@TBNDTHTIMEL0048 MINGW64 /d/git_training (master)
$ git commit
[master 180a40a] t status
 1 file changed, 0 insertions(+), 0 deletions(-)

Swati.Bhatt@TBNDTHTIMEL0048 MINGW64 /d/git_training (master)
$


//
https://github.com/swatibhatttimes/Gittesttraining.git
//

$ git commit
[master 180a40a] t status
 1 file changed, 0 insertions(+), 0 deletions(-)

Swati.Bhatt@TBNDTHTIMEL0048 MINGW64 /d/git_training (master)
$ git remote add origin https://github.com/swatibhatttimes/Gittesttraining.git

Swati.Bhatt@TBNDTHTIMEL0048 MINGW64 /d/git_training (master)
$ git push -u origin master
Fatal: AggregateException encountered.
Username for 'https://github.com': swati.bhatt@timesinternet.in
Counting objects: 6, done.
Delta compression using up to 4 threads.
Compressing objects: 100% (3/3), done.
Writing objects: 100% (6/6), 9.09 KiB | 0 bytes/s, done.
Total 6 (delta 0), reused 0 (delta 0)
To https://github.com/swatibhatttimes/Gittesttraining.git
 * [new branch]      master -> master
Branch master set up to track remote branch master from origin.

Swati.Bhatt@TBNDTHTIMEL0048 MINGW64 /d/git_training (master)
$


// again add,commit ,push

Swati.Bhatt@TBNDTHTIMEL0048 MINGW64 ~
$ cd d:

Swati.Bhatt@TBNDTHTIMEL0048 MINGW64 /d
$ cd D:\git_training

Swati.Bhatt@TBNDTHTIMEL0048 MINGW64 /d/git_training
$ git init
Initialized empty Git repository in D:/git_training/.git/

Swati.Bhatt@TBNDTHTIMEL0048 MINGW64 /d/git_training (master)
$ git config -- list
error: key does not contain a section: list

Swati.Bhatt@TBNDTHTIMEL0048 MINGW64 /d/git_training (master)
$ git config --list
core.symlinks=false
core.autocrlf=true
core.fscache=true
color.diff=auto
color.status=auto
color.branch=auto
color.interactive=true
help.format=html
http.sslcainfo=C:/Program Files/Git/mingw64/ssl/certs/ca-bundle.crt
diff.astextplain.textconv=astextplain
rebase.autosquash=true
credential.helper=manager
user.name=Swati.Bhatt
user.email=swati.bhatt@timesinternet.in
core.repositoryformatversion=0
core.filemode=false
core.bare=false
core.logallrefupdates=true
core.symlinks=false
core.ignorecase=true

Swati.Bhatt@TBNDTHTIMEL0048 MINGW64 /d/git_training (master)
$ git config --global --list
user.name=Swati.Bhatt
user.email=swati.bhatt@timesinternet.in

Swati.Bhatt@TBNDTHTIMEL0048 MINGW64 /d/git_training (master)
$ git config --global user.name
Swati.Bhatt

Swati.Bhatt@TBNDTHTIMEL0048 MINGW64 /d/git_training (master)
$ git config --gloabl user.email
error: unknown option `gloabl'
usage: git config [<options>]

Config file location
    --global              use global config file
    --system              use system config file
    --local               use repository config file
    -f, --file <file>     use given config file
    --blob <blob-id>      read config from given blob object

Action
    --get                 get value: name [value-regex]
    --get-all             get all values: key [value-regex]
    --get-regexp          get values for regexp: name-regex [value-regex]
    --get-urlmatch        get value specific for the URL: section[.var] URL
    --replace-all         replace all matching variables: name value [value_regex]
    --add                 add a new variable: name value
    --unset               remove a variable: name [value-regex]
    --unset-all           remove all matches: name [value-regex]
    --rename-section      rename section: old-name new-name
    --remove-section      remove a section: name
    -l, --list            list all
    -e, --edit            open an editor
    --get-color           find the color configured: slot [default]
    --get-colorbool       find the color setting: slot [stdout-is-tty]

Type
    --bool                value is "true" or "false"
    --int                 value is decimal number
    --bool-or-int         value is --bool or --int
    --path                value is a path (file or directory name)

Other
    -z, --null            terminate values with NUL byte
    --name-only           show variable names only
    --includes            respect include directives on lookup
    --show-origin         show origin of config (file, standard input, blob, command line)


Swati.Bhatt@TBNDTHTIMEL0048 MINGW64 /d/git_training (master)
$ git config --global user.email
swati.bhatt@timesinternet.in

Swati.Bhatt@TBNDTHTIMEL0048 MINGW64 /d/git_training (master)
$ git config --help

Swati.Bhatt@TBNDTHTIMEL0048 MINGW64 /d/git_training (master)
$ git config -- help
error: key does not contain a section: help

Swati.Bhatt@TBNDTHTIMEL0048 MINGW64 /d/git_training (master)
$ git config --help

Swati.Bhatt@TBNDTHTIMEL0048 MINGW64 /d/git_training (master)
$ ls
testfile.java.docx

Swati.Bhatt@TBNDTHTIMEL0048 MINGW64 /d/git_training (master)
$ git status
On branch master

Initial commit

Untracked files:
  (use "git add <file>..." to include in what will be committed)

        testfile.java.docx

nothing added to commit but untracked files present (use "git add" to track)

Swati.Bhatt@TBNDTHTIMEL0048 MINGW64 /d/git_training (master)
$ git add .
  git status
git commit
git commit -m"initial commit in git training"


//



Swati.Bhatt@TBNDTHTIMEL0048 MINGW64 ~
$ cd d:

Swati.Bhatt@TBNDTHTIMEL0048 MINGW64 /d
$ cd D:\git_training

Swati.Bhatt@TBNDTHTIMEL0048 MINGW64 /d/git_training
$ git init
Initialized empty Git repository in D:/git_training/.git/

Swati.Bhatt@TBNDTHTIMEL0048 MINGW64 /d/git_training (master)
$ git config -- list
error: key does not contain a section: list

Swati.Bhatt@TBNDTHTIMEL0048 MINGW64 /d/git_training (master)
$ git config --list
core.symlinks=false
core.autocrlf=true
core.fscache=true
color.diff=auto
color.status=auto
color.branch=auto
color.interactive=true
help.format=html
http.sslcainfo=C:/Program Files/Git/mingw64/ssl/certs/ca-bundle.crt
diff.astextplain.textconv=astextplain
rebase.autosquash=true
credential.helper=manager
user.name=Swati.Bhatt
user.email=swati.bhatt@timesinternet.in
core.repositoryformatversion=0
core.filemode=false
core.bare=false
core.logallrefupdates=true
core.symlinks=false
core.ignorecase=true

Swati.Bhatt@TBNDTHTIMEL0048 MINGW64 /d/git_training (master)
$ git config --global --list
user.name=Swati.Bhatt
user.email=swati.bhatt@timesinternet.in

Swati.Bhatt@TBNDTHTIMEL0048 MINGW64 /d/git_training (master)
$ git config --global user.name
Swati.Bhatt

Swati.Bhatt@TBNDTHTIMEL0048 MINGW64 /d/git_training (master)
$ git config --gloabl user.email
error: unknown option `gloabl'
usage: git config [<options>]

Config file location
    --global              use global config file
    --system              use system config file
    --local               use repository config file
    -f, --file <file>     use given config file
    --blob <blob-id>      read config from given blob object

Action
    --get                 get value: name [value-regex]
    --get-all             get all values: key [value-regex]
    --get-regexp          get values for regexp: name-regex [value-regex]
    --get-urlmatch        get value specific for the URL: section[.var] URL
    --replace-all         replace all matching variables: name value [value_regex]
    --add                 add a new variable: name value
    --unset               remove a variable: name [value-regex]
    --unset-all           remove all matches: name [value-regex]
    --rename-section      rename section: old-name new-name
    --remove-section      remove a section: name
    -l, --list            list all
    -e, --edit            open an editor
    --get-color           find the color configured: slot [default]
    --get-colorbool       find the color setting: slot [stdout-is-tty]

Type
    --bool                value is "true" or "false"
    --int                 value is decimal number
    --bool-or-int         value is --bool or --int
    --path                value is a path (file or directory name)

Other
    -z, --null            terminate values with NUL byte
    --name-only           show variable names only
    --includes            respect include directives on lookup
    --show-origin         show origin of config (file, standard input, blob, command line)


Swati.Bhatt@TBNDTHTIMEL0048 MINGW64 /d/git_training (master)
$ git config --global user.email
swati.bhatt@timesinternet.in

Swati.Bhatt@TBNDTHTIMEL0048 MINGW64 /d/git_training (master)
$ git config --help

Swati.Bhatt@TBNDTHTIMEL0048 MINGW64 /d/git_training (master)
$ git config -- help
error: key does not contain a section: help

Swati.Bhatt@TBNDTHTIMEL0048 MINGW64 /d/git_training (master)
$ git config --help

Swati.Bhatt@TBNDTHTIMEL0048 MINGW64 /d/git_training (master)
$ ls
testfile.java.docx

Swati.Bhatt@TBNDTHTIMEL0048 MINGW64 /d/git_training (master)
$ git status
On branch master

Initial commit

Untracked files:
  (use "git add <file>..." to include in what will be committed)

        testfile.java.docx

nothing added to commit but untracked files present (use "git add" to track)

Swati.Bhatt@TBNDTHTIMEL0048 MINGW64 /d/git_training (master)
$ git add.
git git: 'add.' is not a git command. See 'git --help'.

Did you mean this?
        add

Swati.Bhatt@TBNDTHTIMEL0048 MINGW64 /d/git_training (master)
$ git add .

Swati.Bhatt@TBNDTHTIMEL0048 MINGW64 /d/git_training (master)
$ git status
On branch master

Initial commit

Changes to be committed:
  (use "git rm --cached <file>..." to unstage)

        new file:   testfile.java.docx


Swati.Bhatt@TBNDTHTIMEL0048 MINGW64 /d/git_training (master)
$ git commit -m"initial commit in git training"
[master (root-commit) 5e6d4c1] initial commit in git training
 1 file changed, 0 insertions(+), 0 deletions(-)
 create mode 100644 testfile.java.docx

Swati.Bhatt@TBNDTHTIMEL0048 MINGW64 /d/git_training (master)
$ git commit
On branch master
nothing to commit, working tree clean

Swati.Bhatt@TBNDTHTIMEL0048 MINGW64 /d/git_training (master)
$ git add .

Swati.Bhatt@TBNDTHTIMEL0048 MINGW64 /d/git_training (master)
$ git commit
On branch master
nothing to commit, working tree clean

Swati.Bhatt@TBNDTHTIMEL0048 MINGW64 /d/git_training (master)
$ git add .

Swati.Bhatt@TBNDTHTIMEL0048 MINGW64 /d/git_training (master)
$ git commit
[master 180a40a] t status
 1 file changed, 0 insertions(+), 0 deletions(-)

Swati.Bhatt@TBNDTHTIMEL0048 MINGW64 /d/git_training (master)
$


//
https://github.com/swatibhatttimes/Gittesttraining.git
//

$ git commit
[master 180a40a] t status
 1 file changed, 0 insertions(+), 0 deletions(-)

Swati.Bhatt@TBNDTHTIMEL0048 MINGW64 /d/git_training (master)
$ git remote add origin https://github.com/swatibhatttimes/Gittesttraining.git

Swati.Bhatt@TBNDTHTIMEL0048 MINGW64 /d/git_training (master)
$ git push -u origin master
Fatal: AggregateException encountered.
Username for 'https://github.com': swati.bhatt@timesinternet.in
Counting objects: 6, done.
Delta compression using up to 4 threads.
Compressing objects: 100% (3/3), done.
Writing objects: 100% (6/6), 9.09 KiB | 0 bytes/s, done.
Total 6 (delta 0), reused 0 (delta 0)
To https://github.com/swatibhatttimes/Gittesttraining.git
 * [new branch]      master -> master
Branch master set up to track remote branch master from origin.

Swati.Bhatt@TBNDTHTIMEL0048 MINGW64 /d/git_training (master)
$ git fetch origin
git merge

again


check pull & push


//

Swati.Bhatt@TBNDTHTIMEL0048 MINGW64 ~
$ cd D:

Swati.Bhatt@TBNDTHTIMEL0048 MINGW64 /d
$ cd git_training/

Swati.Bhatt@TBNDTHTIMEL0048 MINGW64 /d/git_training (master|MERGING)
$ git fetch origin

Swati.Bhatt@TBNDTHTIMEL0048 MINGW64 /d/git_training (master|MERGING)
$ git merge
fatal: You have not concluded your merge (MERGE_HEAD exists).
Please, commit your changes before you merge.

Swati.Bhatt@TBNDTHTIMEL0048 MINGW64 /d/git_training (master|MERGING)
$ git add .

Swati.Bhatt@TBNDTHTIMEL0048 MINGW64 /d/git_training (master|MERGING)
$ git commit -m "commit after fetch"
[master bfa84f9] commit after fetch

Swati.Bhatt@TBNDTHTIMEL0048 MINGW64 /d/git_training (master)
$ git push origin master
Fatal: HttpRequestException encountered.
Username for 'https://github.com': swati.bhatt@timesinternet.in
Counting objects: 10, done.
Delta compression using up to 4 threads.
Compressing objects: 100% (9/9), done.
Writing objects: 100% (10/10), 3.04 KiB | 0 bytes/s, done.
Total 10 (delta 3), reused 0 (delta 0)
remote: Resolving deltas: 100% (3/3), completed with 1 local object.
To https://github.com/swatibhatttimes/Gittesttraining.git
   8ccc56d..bfa84f9  master -> master

Swati.Bhatt@TBNDTHTIMEL0048 MINGW64 /d/git_training (master)
$ git add .

Swati.Bhatt@TBNDTHTIMEL0048 MINGW64 /d/git_training (master)
$ git commit -m "commit after fetch 2nd"
On branch master
Your branch is up-to-date with 'origin/master'.
nothing to commit, working tree clean

Swati.Bhatt@TBNDTHTIMEL0048 MINGW64 /d/git_training (master)
$ git add .

Swati.Bhatt@TBNDTHTIMEL0048 MINGW64 /d/git_training (master)
$ git commit -m "commit after fetch 2nd"
[master dcf0699] commit after fetch 2nd
 1 file changed, 3 insertions(+), 1 deletion(-)

Swati.Bhatt@TBNDTHTIMEL0048 MINGW64 /d/git_training (master)
$ git push origin master
Fatal: HttpRequestException encountered.
Username for 'https://github.com': swati.bhatt@timesinternet.in
Counting objects: 3, done.
Delta compression using up to 4 threads.
Compressing objects: 100% (2/2), done.
Writing objects: 100% (3/3), 346 bytes | 0 bytes/s, done.
Total 3 (delta 1), reused 0 (delta 0)
remote: Resolving deltas: 100% (1/1), completed with 1 local object.
To https://github.com/swatibhatttimes/Gittesttraining.git
   bfa84f9..dcf0699  master -> master

Swati.Bhatt@TBNDTHTIMEL0048 MINGW64 /d/git_training (master)
$ git log
commit dcf0699173f36ff1112a4b31fa976fbe43ab9f04
Author: Swati.Bhatt <swati.bhatt@timesinternet.in>
Date:   Wed Jan 9 13:06:59 2019 +0530
commit dcf0699173f36ff1112a4b31fa976fbe43ab9f04
Author: Swati.Bhatt <swati.bhatt@timesinternet.in>
Date:   Wed Jan 9 13:06:59 2019 +0530

    commit after fetch 2nd

commit bfa84f946fc5e65f9b243896e3097c7b1e68e7e7
Merge: 4275e42 8ccc56d
Author: Swati.Bhatt <swati.bhatt@timesinternet.in>
Date:   Wed Jan 9 13:04:30 2019 +0530

    commit after fetch

commit 8ccc56dbf2d739342ef35217ec34fe351c5c52b0
Author: swatibhatttimes <46512969+swatibhatttimes@users.noreply.github.com>
Date:   Wed Jan 9 12:58:21 2019 +0530

    Update new test file.txt

commit 4275e421cc3911309ff400c4b9b59ae4410ff604
Author: Swati.Bhatt <swati.bhatt@timesinternet.in>
Date:   Wed Jan 9 12:53:23 2019 +0530

No next tag  (press RETURN)


